108
822
867
1499
1566
2132
2273
2807
3110
3426
3749
3793
3972
4617
4714
5062
