793
1076
1811
2566
3203
3469
4295
4470
4577
5228
5694
6643
7397
7457
7509
8467
8470
8733
9325
9836
10152
10936
10981
11120
11518
12063
13039
13433
13471
13874
14563
14745
